aalto: 2000/165008 files
aalto: 4000/165008 files
aalto: 6000/165008 files
aalto: 8000/165008 files
aalto: 10000/165008 files
aalto: 12000/165008 files
aalto: 14000/165008 files
aalto: 16000/165008 files
aalto: 18000/165008 files
aalto: 20000/165008 files
aalto: 22000/165008 files
aalto: 24000/165008 files
aalto: 26000/165008 files
aalto: 28000/165008 files
aalto: 30000/165008 files
aalto: 32000/165008 files
aalto: 34000/165008 files
aalto: 36000/165008 files
aalto: 38000/165008 files
aalto: 40000/165008 files
aalto: 42000/165008 files
aalto: 44000/165008 files
aalto: 46000/165008 files
aalto: 48000/165008 files
aalto: 50000/165008 files
aalto: 52000/165008 files
aalto: 54000/165008 files
aalto: 56000/165008 files
aalto: 58000/165008 files
aalto: 60000/165008 files
aalto: 62000/165008 files
aalto: 64000/165008 files
aalto: 66000/165008 files
aalto: 68000/165008 files
aalto: 70000/165008 files
aalto: 72000/165008 files
aalto: 74000/165008 files
aalto: 76000/165008 files
aalto: 78000/165008 files
aalto: 80000/165008 files
aalto: 82000/165008 files
aalto: 84000/165008 files
aalto: 86000/165008 files
aalto: 88000/165008 files
aalto: 90000/165008 files
aalto: 92000/165008 files
aalto: 94000/165008 files
aalto: 96000/165008 files
aalto: 98000/165008 files
aalto: 100000/165008 files
aalto: 102000/165008 files
aalto: 104000/165008 files
aalto: 106000/165008 files
aalto: 108000/165008 files
aalto: 110000/165008 files
aalto: 112000/165008 files
aalto: 114000/165008 files
aalto: 116000/165008 files
aalto: 118000/165008 files
aalto: 120000/165008 files
aalto: 122000/165008 files
aalto: 124000/165008 files
aalto: 126000/165008 files
aalto: 128000/165008 files
aalto: 130000/165008 files
aalto: 132000/165008 files
aalto: 134000/165008 files
aalto: 136000/165008 files
aalto: 138000/165008 files
aalto: 140000/165008 files
aalto: 142000/165008 files
aalto: 144000/165008 files
aalto: 146000/165008 files
aalto: 148000/165008 files
aalto: 150000/165008 files
aalto: 152000/165008 files
aalto: 154000/165008 files
aalto: 156000/165008 files
aalto: 158000/165008 files
aalto: 160000/165008 files
aalto: 162000/165008 files
aalto: 164000/165008 files
aalto: dropped 1937 sessions (unsupported chars/markers)
aalto: 2167113 examples
wrote 1948826 examples from 132559 writers to data/processed_full/train.jsonl
wrote 218287 examples from 14850 writers to data/processed_full/test.jsonl
wrote writer split to data/processed_full/split.json
